###############################################################################
#
# IAR ELF Linker V9.32.1.338/W64 for ARM                  19/Aug/2023  10:15:03
# Copyright 2007-2022 IAR Systems AB.
#
#    Output file  =
#        D:\AutosarProjects\Madonna_ControlLedProject_AUTOSAR\ControlLedV4\Debug\Exe\MYRTOS_Lab3.out
#    Map file     =
#        D:\AutosarProjects\Madonna_ControlLedProject_AUTOSAR\ControlLedV4\Debug\List\MYRTOS_Lab3.map
#    Command line =
#        -f
#        D:\AutosarProjects\Madonna_ControlLedProject_AUTOSAR\ControlLedV4\Debug\Exe\MYRTOS_Lab3.out.rsp
#        (D:\AutosarProjects\Madonna_ControlLedProject_AUTOSAR\ControlLedV4\Debug\Obj\Application1_SWC_ButtonStateReading.o
#        D:\AutosarProjects\Madonna_ControlLedProject_AUTOSAR\ControlLedV4\Debug\Obj\Application2_SWC_LedSwitching.o
#        D:\AutosarProjects\Madonna_ControlLedProject_AUTOSAR\ControlLedV4\Debug\Obj\CortexM.o
#        D:\AutosarProjects\Madonna_ControlLedProject_AUTOSAR\ControlLedV4\Debug\Obj\DIO.o
#        D:\AutosarProjects\Madonna_ControlLedProject_AUTOSAR\ControlLedV4\Debug\Obj\Dio_LCfg.o
#        D:\AutosarProjects\Madonna_ControlLedProject_AUTOSAR\ControlLedV4\Debug\Obj\GPTM.o
#        D:\AutosarProjects\Madonna_ControlLedProject_AUTOSAR\ControlLedV4\Debug\Obj\GPTM_config.o
#        D:\AutosarProjects\Madonna_ControlLedProject_AUTOSAR\ControlLedV4\Debug\Obj\IOA_SWC_1.o
#        D:\AutosarProjects\Madonna_ControlLedProject_AUTOSAR\ControlLedV4\Debug\Obj\main.o
#        D:\AutosarProjects\Madonna_ControlLedProject_AUTOSAR\ControlLedV4\Debug\Obj\NVIC.o
#        D:\AutosarProjects\Madonna_ControlLedProject_AUTOSAR\ControlLedV4\Debug\Obj\Port.o
#        D:\AutosarProjects\Madonna_ControlLedProject_AUTOSAR\ControlLedV4\Debug\Obj\PORT_DIO_Config.o
#        D:\AutosarProjects\Madonna_ControlLedProject_AUTOSAR\ControlLedV4\Debug\Obj\Port_LCfg.o
#        D:\AutosarProjects\Madonna_ControlLedProject_AUTOSAR\ControlLedV4\Debug\Obj\Rte.o
#        D:\AutosarProjects\Madonna_ControlLedProject_AUTOSAR\ControlLedV4\Debug\Obj\Scheduler.o
#        D:\AutosarProjects\Madonna_ControlLedProject_AUTOSAR\ControlLedV4\Debug\Obj\startup_ewarm.o
#        D:\AutosarProjects\Madonna_ControlLedProject_AUTOSAR\ControlLedV4\Debug\Obj\SystemControl.o
#        D:\AutosarProjects\Madonna_ControlLedProject_AUTOSAR\ControlLedV4\Debug\Obj\SystemControl_Config.o
#        D:\AutosarProjects\Madonna_ControlLedProject_AUTOSAR\ControlLedV4\Debug\Obj\SystickTimer.o
#        D:\AutosarProjects\Madonna_ControlLedProject_AUTOSAR\ControlLedV4\Debug\Obj\Task.o
#        --no_out_extension -o
#        D:\AutosarProjects\Madonna_ControlLedProject_AUTOSAR\ControlLedV4\Debug\Exe\MYRTOS_Lab3.out
#        --redirect _Printf=_PrintfFullNoMb --redirect _Scanf=_ScanfFullNoMb
#        --map
#        D:\AutosarProjects\Madonna_ControlLedProject_AUTOSAR\ControlLedV4\Debug\List\MYRTOS_Lab3.map
#        --config D:\IAR_WorkSpace\MYRTOS_Lab3\MYRTOS_Lab3.icf --semihosting
#        --entry __iar_program_start --vfe --text_out locale --cpu=Cortex-M4
#        --fpu=VFPv4_sp)
#
###############################################################################

*******************************************************************************
*** RUNTIME MODEL ATTRIBUTES
***

CppFlavor       = *
__CPP_Runtime   = 1
__SystemLibrary = DLib
__dlib_version  = 6


*******************************************************************************
*** HEAP SELECTION
***

The basic heap was selected because --advanced_heap
was not specified and the application did not appear to
be primarily optimized for speed.


*******************************************************************************
*** PLACEMENT SUMMARY
***

"A0":  place at address 0x0 { ro section .intvec };
"P1":  place in [from 0x0 to 0x3'ffff] { ro };
define block CSTACK with size = 24'463, alignment = 8 { };
define block HEAP with size = 8K, alignment = 8 { };
"P2":  place in [from 0x2000'0000 to 0x2000'7fff] {
          rw, block CSTACK, block HEAP };
initialize by copy { rw };

  Section            Kind         Address    Size  Object
  -------            ----         -------    ----  ------
"A0":                                       0x26c
  .intvec            const            0x0   0x26c  startup_ewarm.o [1]
                                  - 0x26c   0x26c

"P1":                                      0x1150
  .text              ro code        0x26c   0x308  Port.o [1]
  .text              ro code        0x574   0x250  Task.o [1]
  .text              ro code        0x7c4    0x46  Rte.o [1]
  .text              ro code        0x80a    0x7e  lz77_init_single.o [4]
  .text              ro code        0x888   0x19c  GPTM.o [1]
  .text              ro code        0xa24    0x28  IOA_SWC_1.o [1]
  .text              ro code        0xa4c    0xa0  SystemControl.o [1]
  .text              ro code        0xaec   0x230  I64DivMod.o [4]
  .text              ro code        0xd1c    0x74  DIO.o [1]
  .text              ro code        0xd90     0x2  I64DivZer.o [4]
  .text              ro code        0xd94    0xfe  Scheduler.o [1]
  .text              ro code        0xe94    0xbe  SystickTimer.o [1]
  .text              ro code        0xf54    0x30  NVIC.o [1]
  .rodata            const          0xf84    0x60  GPTM.o [1]
  .rodata            const          0xfe4    0x30  GPTM.o [1]
  .rodata            const         0x1014    0x30  GPTM.o [1]
  .rodata            const         0x1044    0x30  GPTM.o [1]
  .rodata            const         0x1074    0x30  GPTM.o [1]
  .rodata            const         0x10a4    0x30  PORT_DIO_Config.o [1]
  .text              ro code       0x10d4    0x28  data_init.o [4]
  .text              ro code       0x10fc    0x22  fpinit_M.o [3]
  .iar.init_table    const         0x1120    0x10  - Linker created -
  .text              ro code       0x1130    0x1e  main.o [1]
  .text              ro code       0x1150    0x1e  cmain.o [4]
  .text              ro code       0x116e     0x4  low_level_init.o [2]
  .text              ro code       0x1172     0x4  exit.o [2]
  .text              ro code       0x1178     0xa  cexit.o [4]
  .text              ro code       0x1184    0x14  exit.o [5]
  .text              ro code       0x1198    0x1c  cstartup_M.o [4]
  .rodata            const         0x11b4    0x18  DIO.o [1]
  .rodata            const         0x11cc    0x18  GPTM.o [1]
  .rodata            const         0x11e4    0x18  GPTM.o [1]
  .rodata            const         0x11fc    0x18  Port.o [1]
  .rodata            const         0x1214    0x18  Port.o [1]
  .rodata            const         0x122c    0x18  Port.o [1]
  .rodata            const         0x1244    0x18  Port.o [1]
  .rodata            const         0x125c    0x18  Port.o [1]
  .rodata            const         0x1274    0x18  Port.o [1]
  .rodata            const         0x128c    0x18  Port.o [1]
  .rodata            const         0x12a4    0x18  Port.o [1]
  .rodata            const         0x12bc    0x10  NVIC.o [1]
  .rodata            const         0x12cc    0x10  SystemControl.o [1]
  .text              ro code       0x12dc     0xe  startup_ewarm.o [1]
  .rodata            const         0x12ec     0x4  GPTM_config.o [1]
  .rodata            const         0x12f0     0x4  GPTM_config.o [1]
  .rodata            const         0x12f4     0x4  GPTM_config.o [1]
  .rodata            const         0x12f8     0x4  GPTM_config.o [1]
  .rodata            const         0x12fc     0x4  GPTM_config.o [1]
  .rodata            const         0x1300     0x4  GPTM_config.o [1]
  .rodata            const         0x1304     0x4  GPTM_config.o [1]
  .rodata            const         0x1308     0x4  GPTM_config.o [1]
  .rodata            const         0x130c     0x4  GPTM_config.o [1]
  .rodata            const         0x1310     0x4  GPTM_config.o [1]
  .rodata            const         0x1314     0x4  GPTM_config.o [1]
  .rodata            const         0x1318     0x4  GPTM_config.o [1]
  .rodata            const         0x131c     0x4  PORT_DIO_Config.o [1]
  .rodata            const         0x1320     0x4  PORT_DIO_Config.o [1]
  .rodata            const         0x1324     0x4  PORT_DIO_Config.o [1]
  .rodata            const         0x1328     0x4  PORT_DIO_Config.o [1]
  .rodata            const         0x132c     0x4  PORT_DIO_Config.o [1]
  .rodata            const         0x1330     0x4  PORT_DIO_Config.o [1]
  .rodata            const         0x1334     0x4  PORT_DIO_Config.o [1]
  .rodata            const         0x1338     0x4  PORT_DIO_Config.o [1]
  .rodata            const         0x133c     0x4  PORT_DIO_Config.o [1]
  .rodata            const         0x1340     0x4  PORT_DIO_Config.o [1]
  .rodata            const         0x1344     0x4  PORT_DIO_Config.o [1]
  .rodata            const         0x1348     0x4  PORT_DIO_Config.o [1]
  .rodata            const         0x134c     0x0  lz77_init_single.o [4]
  Initializer bytes  const         0x134c    0x70  <for P2-1>
                                 - 0x13bc  0x1150

"P2":                                        0xc0
  P2-1                        0x2000'0000    0xc0  <Init block>
    .data            inited   0x2000'0000    0x18  DIO.o [1]
    .data            inited   0x2000'0018    0x30  GPTM_config.o [1]
    .data            inited   0x2000'0048    0x50  Port_LCfg.o [1]
    .data            inited   0x2000'0098     0x4  Scheduler.o [1]
    .data            inited   0x2000'009c     0x4  Task.o [1]
    .data            inited   0x2000'00a0     0x4  Task.o [1]
    .bss             inited   0x2000'00a4     0x4  Scheduler.o [1]
    .bss             inited   0x2000'00a8     0x4  Scheduler.o [1]
    .bss             inited   0x2000'00ac     0x4  Scheduler.o [1]
    .bss             inited   0x2000'00b0     0x4  Scheduler.o [1]
    .bss             inited   0x2000'00b4     0x4  Scheduler.o [1]
    .data            inited   0x2000'00b8     0x1  Scheduler.o [1]
    .bss             inited   0x2000'00b9     0x1  Rte.o [1]
    .bss             inited   0x2000'00ba     0x1  Rte.o [1]
    .bss             inited   0x2000'00bb     0x1  Scheduler.o [1]
    .bss             inited   0x2000'00bc     0x1  Task.o [1]
    .bss             inited   0x2000'00bd     0x1  Task.o [1]
    .bss             inited   0x2000'00be     0x1  Task.o [1]
    .bss             inited   0x2000'00bf     0x1  Task.o [1]
                            - 0x2000'00c0    0xc0

Unused ranges:

         From           To      Size
         ----           --      ----
       0x13bc     0x3'ffff  0x3'ec44
  0x2000'00c0  0x2000'7fff    0x7f40


*******************************************************************************
*** INIT TABLE
***

          Address      Size
          -------      ----
Copy/lz77 (__iar_lz77_init_single3)
    1 source range, total size 0x70 (58% of destination):
               0x134c  0x70
    1 destination range, total size 0xc0:
          0x2000'0000  0xc0



*******************************************************************************
*** MODULE SUMMARY
***

    Module              ro code  ro data  rw data
    ------              -------  -------  -------
command line/config:
    ---------------------------------------------
    Total:

D:\AutosarProjects\Madonna_ControlLedProject_AUTOSAR\ControlLedV4\Debug\Obj: [1]
    DIO.o                   116       38       24
    GPTM.o                  412      336
    GPTM_config.o                     76       48
    IOA_SWC_1.o              40
    NVIC.o                   48       16
    PORT_DIO_Config.o                 96
    Port.o                  776      192
    Port_LCfg.o                       46       80
    Rte.o                    70        2        2
    Scheduler.o             254       15       26
    SystemControl.o         160       16
    SystickTimer.o          190
    Task.o                  592        7       12
    main.o                   30
    startup_ewarm.o          14      620
    ---------------------------------------------
    Total:                2'702    1'460      192

dl7M_tln.a: [2]
    exit.o                    4
    low_level_init.o          4
    ---------------------------------------------
    Total:                    8

m7M_tls.a: [3]
    fpinit_M.o               34
    ---------------------------------------------
    Total:                   34

rt7M_tl.a: [4]
    I64DivMod.o             560
    I64DivZer.o               2
    cexit.o                  10
    cmain.o                  30
    cstartup_M.o             28
    data_init.o              40
    lz77_init_single.o      126
    ---------------------------------------------
    Total:                  796

shb_l.a: [5]
    exit.o                   20
    ---------------------------------------------
    Total:                   20

    Gaps                     12        4
    Linker created                    16
-------------------------------------------------
    Grand Total:          3'572    1'480      192


*******************************************************************************
*** ENTRY LIST
***

Entry                       Address   Size  Type      Object
-----                       -------   ----  ----      ------
.iar.init_table$$Base        0x1120          --   Gb  - Linker created -
.iar.init_table$$Limit       0x1130          --   Gb  - Linker created -
?main                        0x1151         Code  Gb  cmain.o [4]
Button1State            0x2000'00be    0x1  Data  Gb  Task.o [1]
Button1_PressedFlag     0x2000'00bc    0x1  Data  Gb  Task.o [1]
Button2State            0x2000'00bf    0x1  Data  Gb  Task.o [1]
Button2_PressedFlag     0x2000'00bd    0x1  Data  Gb  Task.o [1]
Dio_ReadChannel               0xd6f   0x18  Code  Gb  DIO.o [1]
Dio_WriteChannel              0xd1d   0x52  Code  Gb  DIO.o [1]
FaultISR                     0x12e7    0x2  Code  Lc  startup_ewarm.o [1]
GPIO_AlternateFunctionSelect_Registers
                             0x128c   0x18  Data  Lc  Port.o [1]
GPIO_BIT_BAND_Registers
                        0x2000'0000   0x18  Data  Gb  DIO.o [1]
GPIO_ConfigureAlternateFunctionSelect
                              0x433   0x52  Code  Gb  Port.o [1]
GPIO_ConfigureCommit          0x299   0x4c  Code  Lc  Port.o [1]
GPIO_ConfigureDigitalEnable
                              0x337   0x52  Code  Lc  Port.o [1]
GPIO_ConfigureInterruptMask
                              0x4c5   0x52  Code  Gb  Port.o [1]
GPIO_ConfigurePortControl
                              0x485   0x40  Code  Gb  Port.o [1]
GPIO_Data_Registers          0x11b4   0x18  Data  Lc  DIO.o [1]
GPIO_DigitalEnable_Registers
                             0x11fc   0x18  Data  Lc  Port.o [1]
GPIO_Direction_Registers
                             0x122c   0x18  Data  Lc  Port.o [1]
GPIO_EnableAFSEL_GPTM         0x541   0x34  Code  Gb  Port.o [1]
GPIO_InterruptMask_Registers
                             0x12a4   0x18  Data  Lc  Port.o [1]
GPIO_LOCK_Registers          0x1244   0x18  Data  Lc  Port.o [1]
GPIO_PortControl_Registers
                             0x1214   0x18  Data  Lc  Port.o [1]
GPIO_Port_Commit             0x125c   0x18  Data  Lc  Port.o [1]
GPIO_PullUp_Registers        0x1274   0x18  Data  Lc  Port.o [1]
GPIO_TimerAFSELConfig_ArrPtrStruct
                             0x10a4   0x30  Data  Gb  PORT_DIO_Config.o [1]
GPTM_32_64_BitTimerA_IntervalLoad
                             0x11cc   0x18  Data  Lc  GPTM.o [1]
GPTM_32_64_BitTimerA_Match
                             0x11e4   0x18  Data  Lc  GPTM.o [1]
GPTM_Config_32BitTimer0A
                             0x12ec    0x4  Data  Gb  GPTM_config.o [1]
GPTM_Config_32BitTimer0B
                             0x12f0    0x4  Data  Gb  GPTM_config.o [1]
GPTM_Config_32BitTimer1A
                             0x12f4    0x4  Data  Gb  GPTM_config.o [1]
GPTM_Config_32BitTimer1B
                             0x12f8    0x4  Data  Gb  GPTM_config.o [1]
GPTM_Config_32BitTimer2A
                             0x12fc    0x4  Data  Gb  GPTM_config.o [1]
GPTM_Config_32BitTimer2B
                             0x1300    0x4  Data  Gb  GPTM_config.o [1]
GPTM_Config_32BitTimer3A
                             0x1304    0x4  Data  Gb  GPTM_config.o [1]
GPTM_Config_32BitTimer3B
                             0x1308    0x4  Data  Gb  GPTM_config.o [1]
GPTM_Config_32BitTimer4A
                             0x130c    0x4  Data  Gb  GPTM_config.o [1]
GPTM_Config_32BitTimer4B
                             0x1310    0x4  Data  Gb  GPTM_config.o [1]
GPTM_Config_32BitTimer5A
                             0x1314    0x4  Data  Gb  GPTM_config.o [1]
GPTM_Config_32BitTimer5B
                             0x1318    0x4  Data  Gb  GPTM_config.o [1]
GPTM_Config_ArrPtrStruct
                        0x2000'0018   0x30  Data  Gb  GPTM_config.o [1]
GPTM_ConfigurationRegisters
                             0x1014   0x30  Data  Lc  GPTM.o [1]
GPTM_Control                  0xfe4   0x30  Data  Lc  GPTM.o [1]
GPTM_DisableTimer             0x8f5   0x34  Code  Lc  GPTM.o [1]
GPTM_EnableClkTimer           0x889   0x3a  Code  Lc  GPTM.o [1]
GPTM_EnableTimer              0x8c3   0x32  Code  Lc  GPTM.o [1]
GPTM_GenerateDelay            0x991   0x70  Code  Gb  GPTM.o [1]
GPTM_ICRRegisters            0x1044   0x30  Data  Lc  GPTM.o [1]
GPTM_InitializeDelayMode
                              0x929   0x68  Code  Gb  GPTM.o [1]
GPTM_RISRegisters            0x1074   0x30  Data  Lc  GPTM.o [1]
GPTM_TimerMode                0xf84   0x60  Data  Lc  GPTM.o [1]
IOA_SWC_DIO_ReadChannel_Runnable
                              0xa25   0x12  Code  Gb  IOA_SWC_1.o [1]
IOA_SWC_Dio_WriteChannel_Runnable
                              0xa37   0x16  Code  Gb  IOA_SWC_1.o [1]
InitializeTasks               0x5ff   0x40  Code  Gb  Task.o [1]
IntDefaultHandler            0x12e9    0x2  Code  Lc  startup_ewarm.o [1]
Interrupt_Enable_Registers
                             0x12bc   0x10  Data  Lc  NVIC.o [1]
MainOs                        0xdc1   0xa2  Code  Gb  Scheduler.o [1]
NVIC_Enable_Interrupt         0xf55   0x2a  Code  Gb  NVIC.o [1]
NmiSR                        0x12e5    0x2  Code  Lc  startup_ewarm.o [1]
PORT_ConfigureInputPin        0x389   0x56  Code  Lc  Port.o [1]
PORT_ConfigureOutputPin
                              0x3df   0x2e  Code  Lc  Port.o [1]
PORT_EnableRunModeClockGateControl
                              0x26d   0x2c  Code  Lc  Port.o [1]
PortPin                 0x2000'0048   0x50  Data  Gb  Port_LCfg.o [1]
Port_Init                     0x40d   0x26  Code  Gb  Port.o [1]
Port_SetPinDirection          0x2e5   0x52  Code  Lc  Port.o [1]
RTE_IOA_SWC_DIO_ReadChannel_Runnable
                              0x7ff    0xc  Code  Gb  Rte.o [1]
RTE_IOA_SWC_Dio_WriteChannel_Runnable
                              0x7f1    0xe  Code  Gb  Rte.o [1]
Region$$Table$$Base          0x1120          --   Gb  - Linker created -
Region$$Table$$Limit         0x1130          --   Gb  - Linker created -
ResetISR                     0x12dd    0x8  Code  Gb  startup_ewarm.o [1]
Rte_Read_TopLevelComposition_Prototype_2_R_Port_1_SR1_Button1State_SR_1_Button1State_Element_1
                              0x7d5    0xa  Code  Gb  Rte.o [1]
Rte_Read_TopLevelComposition_Prototype_2_R_Port_2_SR2_Button2State_SR_2_Button2State_Element_1
                              0x7df    0xa  Code  Gb  Rte.o [1]
Rte_Write_TopLevelComposition_Prototype_1_P_Port_1_SR1_Button1State_SR_1_Button1State_Element_1
                              0x7c5    0x8  Code  Gb  Rte.o [1]
Rte_Write_TopLevelComposition_Prototype_1_P_Port_2_SR2_Button2State_SR_2_Button2State_Element_1
                              0x7cd    0x8  Code  Gb  Rte.o [1]
SC_GetOscillatorValue         0xa4d   0x30  Code  Lc  SystemControl.o [1]
SC_GetSystemClock             0xa7d   0x56  Code  Gb  SystemControl.o [1]
SC_SYSDIV                    0x12cc   0x10  Data  Gb  SystemControl.o [1]
SVCHandler                    0xe89    0xa  Code  Gb  Scheduler.o [1]
SwitchAccessLevel             0xd95   0x2c  Code  Gb  Scheduler.o [1]
SysTickConfigureClockSource
                              0xeef    0xe  Code  Gb  SystickTimer.o [1]
SysTickDisable                0xec7    0xc  Code  Lc  SystickTimer.o [1]
SysTickEnable                 0xebb    0xc  Code  Lc  SystickTimer.o [1]
SysTickFrequencyGet           0xed3   0x1c  Code  Lc  SystickTimer.o [1]
SysTickGenerateDelay_Interrupt
                              0xefd   0x34  Code  Gb  SystickTimer.o [1]
SystickHandler                0xe95   0x26  Code  Gb  SystickTimer.o [1]
Systick_Initialization        0xf45    0xe  Code  Gb  SystickTimer.o [1]
TASKA_flag              0x2000'00b8    0x1  Data  Gb  Scheduler.o [1]
TASKB_flag              0x2000'00bb    0x1  Data  Gb  Scheduler.o [1]
TaskA_ReadButtonState         0x575   0x8a  Code  Gb  Task.o [1]
TaskB_SwitchStates            0x63f  0x168  Code  Gb  Task.o [1]
Timer0A_32_64Bit             0x131c    0x4  Data  Gb  PORT_DIO_Config.o [1]
Timer0B_32_64Bit             0x1320    0x4  Data  Gb  PORT_DIO_Config.o [1]
Timer1A_32_64Bit             0x1324    0x4  Data  Gb  PORT_DIO_Config.o [1]
Timer1B_32_64Bit             0x1328    0x4  Data  Gb  PORT_DIO_Config.o [1]
Timer2A_32_64Bit             0x132c    0x4  Data  Gb  PORT_DIO_Config.o [1]
Timer2B_32_64Bit             0x1330    0x4  Data  Gb  PORT_DIO_Config.o [1]
Timer3A_32_64Bit             0x1334    0x4  Data  Gb  PORT_DIO_Config.o [1]
Timer3B_32_64Bit             0x1338    0x4  Data  Gb  PORT_DIO_Config.o [1]
Timer4A_32_64Bit             0x133c    0x4  Data  Gb  PORT_DIO_Config.o [1]
Timer4B_32_64Bit             0x1340    0x4  Data  Gb  PORT_DIO_Config.o [1]
Timer5A_32_64Bit             0x1344    0x4  Data  Gb  PORT_DIO_Config.o [1]
Timer5B_32_64Bit             0x1348    0x4  Data  Gb  PORT_DIO_Config.o [1]
TopLevelComposition_Prototype_1_P_Port_1_SR1_Button1State_SR_1_Button1State_Element_1
                        0x2000'00b9    0x1  Data  Gb  Rte.o [1]
TopLevelComposition_Prototype_1_P_Port_2_SR2_Button2State_SR_2_Button2State_Element_1
                        0x2000'00ba    0x1  Data  Gb  Rte.o [1]
_E_MSP                  0x2000'00a4    0x4  Data  Gb  Scheduler.o [1]
_E_PSP_TA               0x2000'00ac    0x4  Data  Gb  Scheduler.o [1]
_E_PSP_TB               0x2000'00b4    0x4  Data  Gb  Scheduler.o [1]
_S_MSP                  0x2000'0098    0x4  Data  Gb  Scheduler.o [1]
_S_PSP_TA               0x2000'00a8    0x4  Data  Gb  Scheduler.o [1]
_S_PSP_TB               0x2000'00b0    0x4  Data  Gb  Scheduler.o [1]
__aeabi_ldiv0                 0xd91         Code  Gb  I64DivZer.o [4]
__aeabi_uldivmod              0xaed         Code  Gb  I64DivMod.o [4]
__cmain                      0x1151         Code  Gb  cmain.o [4]
__exit                       0x1185   0x14  Code  Gb  exit.o [5]
__iar_data_init3             0x10d5   0x28  Code  Gb  data_init.o [4]
__iar_init_vfp               0x10fd         Code  Gb  fpinit_M.o [3]
__iar_lz77_init_single3
                              0x80b   0x7e  Code  Gb  lz77_init_single.o [4]
__iar_program_start          0x1199         Code  Gb  cstartup_M.o [4]
__low_level_init             0x116f    0x4  Code  Gb  low_level_init.o [2]
__vector_table                  0x0  0x26c  Data  Gb  startup_ewarm.o [1]
_call_main                   0x115d         Code  Gb  cmain.o [4]
_exit                        0x1179         Code  Gb  cexit.o [4]
exit                         0x1173    0x4  Code  Gb  exit.o [2]
main                         0x1131   0x1e  Code  Gb  main.o [1]
pt_Button1_PressedFlag  0x2000'009c    0x4  Data  Gb  Task.o [1]
pt_Button2_PressedFlag  0x2000'00a0    0x4  Data  Gb  Task.o [1]


[1] = D:\AutosarProjects\Madonna_ControlLedProject_AUTOSAR\ControlLedV4\Debug\Obj
[2] = dl7M_tln.a
[3] = m7M_tls.a
[4] = rt7M_tl.a
[5] = shb_l.a

  3'572 bytes of readonly  code memory
  1'480 bytes of readonly  data memory
    192 bytes of readwrite data memory

Errors: none
Warnings: none
