###############################################################################
#
# IAR ELF Linker V9.32.1.338/W64 for ARM                  16/Aug/2023  04:44:14
# Copyright 2007-2022 IAR Systems AB.
#
#    Output file  =
#        D:\AutosarProjects\Madonna_ControlLedProject_AUTOSAR\ControlLedV2\Debug\Exe\MYRTOS_Lab3.out
#    Map file     =
#        D:\AutosarProjects\Madonna_ControlLedProject_AUTOSAR\ControlLedV2\Debug\List\MYRTOS_Lab3.map
#    Command line =
#        -f
#        D:\AutosarProjects\Madonna_ControlLedProject_AUTOSAR\ControlLedV2\Debug\Exe\MYRTOS_Lab3.out.rsp
#        (D:\AutosarProjects\Madonna_ControlLedProject_AUTOSAR\ControlLedV2\Debug\Obj\CortexM.o
#        D:\AutosarProjects\Madonna_ControlLedProject_AUTOSAR\ControlLedV2\Debug\Obj\DIO.o
#        D:\AutosarProjects\Madonna_ControlLedProject_AUTOSAR\ControlLedV2\Debug\Obj\Dio_LCfg.o
#        D:\AutosarProjects\Madonna_ControlLedProject_AUTOSAR\ControlLedV2\Debug\Obj\GPTM.o
#        D:\AutosarProjects\Madonna_ControlLedProject_AUTOSAR\ControlLedV2\Debug\Obj\GPTM_config.o
#        D:\AutosarProjects\Madonna_ControlLedProject_AUTOSAR\ControlLedV2\Debug\Obj\main.o
#        D:\AutosarProjects\Madonna_ControlLedProject_AUTOSAR\ControlLedV2\Debug\Obj\NVIC.o
#        D:\AutosarProjects\Madonna_ControlLedProject_AUTOSAR\ControlLedV2\Debug\Obj\Port.o
#        D:\AutosarProjects\Madonna_ControlLedProject_AUTOSAR\ControlLedV2\Debug\Obj\PORT_DIO_Config.o
#        D:\AutosarProjects\Madonna_ControlLedProject_AUTOSAR\ControlLedV2\Debug\Obj\Port_LCfg.o
#        D:\AutosarProjects\Madonna_ControlLedProject_AUTOSAR\ControlLedV2\Debug\Obj\Scheduler.o
#        D:\AutosarProjects\Madonna_ControlLedProject_AUTOSAR\ControlLedV2\Debug\Obj\startup_ewarm.o
#        D:\AutosarProjects\Madonna_ControlLedProject_AUTOSAR\ControlLedV2\Debug\Obj\SystemControl.o
#        D:\AutosarProjects\Madonna_ControlLedProject_AUTOSAR\ControlLedV2\Debug\Obj\SystemControl_Config.o
#        D:\AutosarProjects\Madonna_ControlLedProject_AUTOSAR\ControlLedV2\Debug\Obj\SystickTimer.o
#        D:\AutosarProjects\Madonna_ControlLedProject_AUTOSAR\ControlLedV2\Debug\Obj\Task.o
#        --no_out_extension -o
#        D:\AutosarProjects\Madonna_ControlLedProject_AUTOSAR\ControlLedV2\Debug\Exe\MYRTOS_Lab3.out
#        --redirect _Printf=_PrintfFullNoMb --redirect _Scanf=_ScanfFullNoMb
#        --map
#        D:\AutosarProjects\Madonna_ControlLedProject_AUTOSAR\ControlLedV2\Debug\List\MYRTOS_Lab3.map
#        --config D:\IAR_WorkSpace\MYRTOS_Lab3\MYRTOS_Lab3.icf --semihosting
#        --entry __iar_program_start --vfe --text_out locale --cpu=Cortex-M4
#        --fpu=VFPv4_sp)
#
###############################################################################

*******************************************************************************
*** RUNTIME MODEL ATTRIBUTES
***

CppFlavor       = *
__CPP_Runtime   = 1
__SystemLibrary = DLib
__dlib_version  = 6


*******************************************************************************
*** HEAP SELECTION
***

The basic heap was selected because --advanced_heap
was not specified and the application did not appear to
be primarily optimized for speed.


*******************************************************************************
*** PLACEMENT SUMMARY
***

"A0":  place at address 0x0 { ro section .intvec };
"P1":  place in [from 0x0 to 0x3'ffff] { ro };
define block CSTACK with size = 24'463, alignment = 8 { };
define block HEAP with size = 8K, alignment = 8 { };
"P2":  place in [from 0x2000'0000 to 0x2000'7fff] {
          rw, block CSTACK, block HEAP };
initialize by copy { rw };

  Section            Kind         Address    Size  Object
  -------            ----         -------    ----  ------
"A0":                                       0x26c
  .intvec            const            0x0   0x26c  startup_ewarm.o [1]
                                  - 0x26c   0x26c

"P1":                                      0x10b9
  .text              ro code        0x26c   0x308  Port.o [1]
  .text              ro code        0x574   0x230  Task.o [1]
  .text              ro code        0x7a4    0x74  DIO.o [1]
  .text              ro code        0x818   0x19c  GPTM.o [1]
  .text              ro code        0x9b4    0xa0  SystemControl.o [1]
  .text              ro code        0xa54   0x230  I64DivMod.o [4]
  .text              ro code        0xc84     0x2  I64DivZer.o [4]
  .text              ro code        0xc86    0x7e  lz77_init_single.o [4]
  .text              ro code        0xd04    0xfe  Scheduler.o [1]
  .text              ro code        0xe04    0xbe  SystickTimer.o [1]
  .text              ro code        0xec4    0x30  NVIC.o [1]
  .rodata            const          0xef4    0x60  GPTM.o [1]
  .rodata            const          0xf54    0x30  GPTM.o [1]
  .rodata            const          0xf84    0x30  GPTM.o [1]
  .rodata            const          0xfb4    0x30  GPTM.o [1]
  .rodata            const          0xfe4    0x30  GPTM.o [1]
  .rodata            const         0x1014    0x30  PORT_DIO_Config.o [1]
  .text              ro code       0x1044    0x28  data_init.o [4]
  .text              ro code       0x106c    0x22  fpinit_M.o [3]
  .iar.init_table    const         0x1090    0x10  - Linker created -
  .text              ro code       0x10a0    0x1e  main.o [1]
  .text              ro code       0x10c0    0x1e  cmain.o [4]
  .text              ro code       0x10de     0x4  low_level_init.o [2]
  .text              ro code       0x10e2     0x4  exit.o [2]
  .text              ro code       0x10e8     0xa  cexit.o [4]
  .text              ro code       0x10f4    0x14  exit.o [5]
  .text              ro code       0x1108    0x1c  cstartup_M.o [4]
  .rodata            const         0x1124    0x18  DIO.o [1]
  .rodata            const         0x113c    0x18  GPTM.o [1]
  .rodata            const         0x1154    0x18  GPTM.o [1]
  .rodata            const         0x116c    0x18  Port.o [1]
  .rodata            const         0x1184    0x18  Port.o [1]
  .rodata            const         0x119c    0x18  Port.o [1]
  .rodata            const         0x11b4    0x18  Port.o [1]
  .rodata            const         0x11cc    0x18  Port.o [1]
  .rodata            const         0x11e4    0x18  Port.o [1]
  .rodata            const         0x11fc    0x18  Port.o [1]
  .rodata            const         0x1214    0x18  Port.o [1]
  .rodata            const         0x122c    0x10  NVIC.o [1]
  .rodata            const         0x123c    0x10  SystemControl.o [1]
  .text              ro code       0x124c     0xe  startup_ewarm.o [1]
  .rodata            const         0x125c     0x4  GPTM_config.o [1]
  .rodata            const         0x1260     0x4  GPTM_config.o [1]
  .rodata            const         0x1264     0x4  GPTM_config.o [1]
  .rodata            const         0x1268     0x4  GPTM_config.o [1]
  .rodata            const         0x126c     0x4  GPTM_config.o [1]
  .rodata            const         0x1270     0x4  GPTM_config.o [1]
  .rodata            const         0x1274     0x4  GPTM_config.o [1]
  .rodata            const         0x1278     0x4  GPTM_config.o [1]
  .rodata            const         0x127c     0x4  GPTM_config.o [1]
  .rodata            const         0x1280     0x4  GPTM_config.o [1]
  .rodata            const         0x1284     0x4  GPTM_config.o [1]
  .rodata            const         0x1288     0x4  GPTM_config.o [1]
  .rodata            const         0x128c     0x4  PORT_DIO_Config.o [1]
  .rodata            const         0x1290     0x4  PORT_DIO_Config.o [1]
  .rodata            const         0x1294     0x4  PORT_DIO_Config.o [1]
  .rodata            const         0x1298     0x4  PORT_DIO_Config.o [1]
  .rodata            const         0x129c     0x4  PORT_DIO_Config.o [1]
  .rodata            const         0x12a0     0x4  PORT_DIO_Config.o [1]
  .rodata            const         0x12a4     0x4  PORT_DIO_Config.o [1]
  .rodata            const         0x12a8     0x4  PORT_DIO_Config.o [1]
  .rodata            const         0x12ac     0x4  PORT_DIO_Config.o [1]
  .rodata            const         0x12b0     0x4  PORT_DIO_Config.o [1]
  .rodata            const         0x12b4     0x4  PORT_DIO_Config.o [1]
  .rodata            const         0x12b8     0x4  PORT_DIO_Config.o [1]
  .rodata            const         0x12bc     0x0  lz77_init_single.o [4]
  Initializer bytes  const         0x12bc    0x69  <for P2-1>
                                 - 0x1325  0x10b9

"P2":                                        0xb6
  P2-1                        0x2000'0000    0xb6  <Init block>
    .data            inited   0x2000'0000    0x18  DIO.o [1]
    .data            inited   0x2000'0018    0x30  GPTM_config.o [1]
    .data            inited   0x2000'0048    0x50  Port_LCfg.o [1]
    .data            inited   0x2000'0098     0x4  Scheduler.o [1]
    .bss             inited   0x2000'009c     0x4  Scheduler.o [1]
    .bss             inited   0x2000'00a0     0x4  Scheduler.o [1]
    .bss             inited   0x2000'00a4     0x4  Scheduler.o [1]
    .bss             inited   0x2000'00a8     0x4  Scheduler.o [1]
    .bss             inited   0x2000'00ac     0x4  Scheduler.o [1]
    .data            inited   0x2000'00b0     0x1  Scheduler.o [1]
    .bss             inited   0x2000'00b1     0x1  Scheduler.o [1]
    .bss             inited   0x2000'00b2     0x1  Task.o [1]
    .bss             inited   0x2000'00b3     0x1  Task.o [1]
    .bss             inited   0x2000'00b4     0x1  Task.o [1]
    .bss             inited   0x2000'00b5     0x1  Task.o [1]
                            - 0x2000'00b6    0xb6

Unused ranges:

         From           To      Size
         ----           --      ----
       0x1325     0x3'ffff  0x3'ecdb
  0x2000'00b6  0x2000'7fff    0x7f4a


*******************************************************************************
*** INIT TABLE
***

          Address      Size
          -------      ----
Copy/lz77 (__iar_lz77_init_single3)
    1 source range, total size 0x69 (57% of destination):
               0x12bc  0x69
    1 destination range, total size 0xb6:
          0x2000'0000  0xb6



*******************************************************************************
*** MODULE SUMMARY
***

    Module              ro code  ro data  rw data
    ------              -------  -------  -------
command line/config:
    ---------------------------------------------
    Total:

D:\AutosarProjects\Madonna_ControlLedProject_AUTOSAR\ControlLedV2\Debug\Obj: [1]
    DIO.o                   116       37       24
    GPTM.o                  412      336
    GPTM_config.o                     76       48
    NVIC.o                   48       16
    PORT_DIO_Config.o                 96
    Port.o                  776      192
    Port_LCfg.o                       46       80
    Scheduler.o             254       15       26
    SystemControl.o         160       16
    SystickTimer.o          190
    Task.o                  560        2        4
    main.o                   30
    startup_ewarm.o          14      620
    ---------------------------------------------
    Total:                2'560    1'452      182

dl7M_tln.a: [2]
    exit.o                    4
    low_level_init.o          4
    ---------------------------------------------
    Total:                    8

m7M_tls.a: [3]
    fpinit_M.o               34
    ---------------------------------------------
    Total:                   34

rt7M_tl.a: [4]
    I64DivMod.o             560
    I64DivZer.o               2
    cexit.o                  10
    cmain.o                  30
    cstartup_M.o             28
    data_init.o              40
    lz77_init_single.o      126
    ---------------------------------------------
    Total:                  796

shb_l.a: [5]
    exit.o                   20
    ---------------------------------------------
    Total:                   20

    Gaps                     10        4
    Linker created                    17
-------------------------------------------------
    Grand Total:          3'428    1'473      182


*******************************************************************************
*** ENTRY LIST
***

Entry                       Address   Size  Type      Object
-----                       -------   ----  ----      ------
.iar.init_table$$Base        0x1090          --   Gb  - Linker created -
.iar.init_table$$Limit       0x10a0          --   Gb  - Linker created -
?main                        0x10c1         Code  Gb  cmain.o [4]
Button1State            0x2000'00b4    0x1  Data  Gb  Task.o [1]
Button1_PressedFlag     0x2000'00b2    0x1  Data  Gb  Task.o [1]
Button2State            0x2000'00b5    0x1  Data  Gb  Task.o [1]
Button2_PressedFlag     0x2000'00b3    0x1  Data  Gb  Task.o [1]
Dio_ReadChannel               0x7f7   0x18  Code  Gb  DIO.o [1]
Dio_WriteChannel              0x7a5   0x52  Code  Gb  DIO.o [1]
FaultISR                     0x1257    0x2  Code  Lc  startup_ewarm.o [1]
GPIO_AlternateFunctionSelect_Registers
                             0x11fc   0x18  Data  Lc  Port.o [1]
GPIO_BIT_BAND_Registers
                        0x2000'0000   0x18  Data  Gb  DIO.o [1]
GPIO_ConfigureAlternateFunctionSelect
                              0x433   0x52  Code  Gb  Port.o [1]
GPIO_ConfigureCommit          0x299   0x4c  Code  Lc  Port.o [1]
GPIO_ConfigureDigitalEnable
                              0x337   0x52  Code  Lc  Port.o [1]
GPIO_ConfigureInterruptMask
                              0x4c5   0x52  Code  Gb  Port.o [1]
GPIO_ConfigurePortControl
                              0x485   0x40  Code  Gb  Port.o [1]
GPIO_Data_Registers          0x1124   0x18  Data  Lc  DIO.o [1]
GPIO_DigitalEnable_Registers
                             0x116c   0x18  Data  Lc  Port.o [1]
GPIO_Direction_Registers
                             0x119c   0x18  Data  Lc  Port.o [1]
GPIO_EnableAFSEL_GPTM         0x541   0x34  Code  Gb  Port.o [1]
GPIO_InterruptMask_Registers
                             0x1214   0x18  Data  Lc  Port.o [1]
GPIO_LOCK_Registers          0x11b4   0x18  Data  Lc  Port.o [1]
GPIO_PortControl_Registers
                             0x1184   0x18  Data  Lc  Port.o [1]
GPIO_Port_Commit             0x11cc   0x18  Data  Lc  Port.o [1]
GPIO_PullUp_Registers        0x11e4   0x18  Data  Lc  Port.o [1]
GPIO_TimerAFSELConfig_ArrPtrStruct
                             0x1014   0x30  Data  Gb  PORT_DIO_Config.o [1]
GPTM_32_64_BitTimerA_IntervalLoad
                             0x113c   0x18  Data  Lc  GPTM.o [1]
GPTM_32_64_BitTimerA_Match
                             0x1154   0x18  Data  Lc  GPTM.o [1]
GPTM_Config_32BitTimer0A
                             0x125c    0x4  Data  Gb  GPTM_config.o [1]
GPTM_Config_32BitTimer0B
                             0x1260    0x4  Data  Gb  GPTM_config.o [1]
GPTM_Config_32BitTimer1A
                             0x1264    0x4  Data  Gb  GPTM_config.o [1]
GPTM_Config_32BitTimer1B
                             0x1268    0x4  Data  Gb  GPTM_config.o [1]
GPTM_Config_32BitTimer2A
                             0x126c    0x4  Data  Gb  GPTM_config.o [1]
GPTM_Config_32BitTimer2B
                             0x1270    0x4  Data  Gb  GPTM_config.o [1]
GPTM_Config_32BitTimer3A
                             0x1274    0x4  Data  Gb  GPTM_config.o [1]
GPTM_Config_32BitTimer3B
                             0x1278    0x4  Data  Gb  GPTM_config.o [1]
GPTM_Config_32BitTimer4A
                             0x127c    0x4  Data  Gb  GPTM_config.o [1]
GPTM_Config_32BitTimer4B
                             0x1280    0x4  Data  Gb  GPTM_config.o [1]
GPTM_Config_32BitTimer5A
                             0x1284    0x4  Data  Gb  GPTM_config.o [1]
GPTM_Config_32BitTimer5B
                             0x1288    0x4  Data  Gb  GPTM_config.o [1]
GPTM_Config_ArrPtrStruct
                        0x2000'0018   0x30  Data  Gb  GPTM_config.o [1]
GPTM_ConfigurationRegisters
                              0xf84   0x30  Data  Lc  GPTM.o [1]
GPTM_Control                  0xf54   0x30  Data  Lc  GPTM.o [1]
GPTM_DisableTimer             0x885   0x34  Code  Lc  GPTM.o [1]
GPTM_EnableClkTimer           0x819   0x3a  Code  Lc  GPTM.o [1]
GPTM_EnableTimer              0x853   0x32  Code  Lc  GPTM.o [1]
GPTM_GenerateDelay            0x921   0x70  Code  Gb  GPTM.o [1]
GPTM_ICRRegisters             0xfb4   0x30  Data  Lc  GPTM.o [1]
GPTM_InitializeDelayMode
                              0x8b9   0x68  Code  Gb  GPTM.o [1]
GPTM_RISRegisters             0xfe4   0x30  Data  Lc  GPTM.o [1]
GPTM_TimerMode                0xef4   0x60  Data  Lc  GPTM.o [1]
InitializeTasks               0x5ef   0x40  Code  Gb  Task.o [1]
IntDefaultHandler            0x1259    0x2  Code  Lc  startup_ewarm.o [1]
Interrupt_Enable_Registers
                             0x122c   0x10  Data  Lc  NVIC.o [1]
MainOs                        0xd31   0xa2  Code  Gb  Scheduler.o [1]
NVIC_Enable_Interrupt         0xec5   0x2a  Code  Gb  NVIC.o [1]
NmiSR                        0x1255    0x2  Code  Lc  startup_ewarm.o [1]
PORT_ConfigureInputPin        0x389   0x56  Code  Lc  Port.o [1]
PORT_ConfigureOutputPin
                              0x3df   0x2e  Code  Lc  Port.o [1]
PORT_EnableRunModeClockGateControl
                              0x26d   0x2c  Code  Lc  Port.o [1]
PortPin                 0x2000'0048   0x50  Data  Gb  Port_LCfg.o [1]
Port_Init                     0x40d   0x26  Code  Gb  Port.o [1]
Port_SetPinDirection          0x2e5   0x52  Code  Lc  Port.o [1]
Region$$Table$$Base          0x1090          --   Gb  - Linker created -
Region$$Table$$Limit         0x10a0          --   Gb  - Linker created -
ResetISR                     0x124d    0x8  Code  Gb  startup_ewarm.o [1]
SC_GetOscillatorValue         0x9b5   0x30  Code  Lc  SystemControl.o [1]
SC_GetSystemClock             0x9e5   0x56  Code  Gb  SystemControl.o [1]
SC_SYSDIV                    0x123c   0x10  Data  Gb  SystemControl.o [1]
SVCHandler                    0xdf9    0xa  Code  Gb  Scheduler.o [1]
SwitchAccessLevel             0xd05   0x2c  Code  Gb  Scheduler.o [1]
SysTickConfigureClockSource
                              0xe5f    0xe  Code  Gb  SystickTimer.o [1]
SysTickDisable                0xe37    0xc  Code  Lc  SystickTimer.o [1]
SysTickEnable                 0xe2b    0xc  Code  Lc  SystickTimer.o [1]
SysTickFrequencyGet           0xe43   0x1c  Code  Lc  SystickTimer.o [1]
SysTickGenerateDelay_Interrupt
                              0xe6d   0x34  Code  Gb  SystickTimer.o [1]
SystickHandler                0xe05   0x26  Code  Gb  SystickTimer.o [1]
Systick_Initialization        0xeb5    0xe  Code  Gb  SystickTimer.o [1]
TASKA_flag              0x2000'00b0    0x1  Data  Gb  Scheduler.o [1]
TASKB_flag              0x2000'00b1    0x1  Data  Gb  Scheduler.o [1]
TaskA_ReadButtonState         0x575   0x7a  Code  Gb  Task.o [1]
TaskB_SwitchStates            0x62f  0x158  Code  Gb  Task.o [1]
Timer0A_32_64Bit             0x128c    0x4  Data  Gb  PORT_DIO_Config.o [1]
Timer0B_32_64Bit             0x1290    0x4  Data  Gb  PORT_DIO_Config.o [1]
Timer1A_32_64Bit             0x1294    0x4  Data  Gb  PORT_DIO_Config.o [1]
Timer1B_32_64Bit             0x1298    0x4  Data  Gb  PORT_DIO_Config.o [1]
Timer2A_32_64Bit             0x129c    0x4  Data  Gb  PORT_DIO_Config.o [1]
Timer2B_32_64Bit             0x12a0    0x4  Data  Gb  PORT_DIO_Config.o [1]
Timer3A_32_64Bit             0x12a4    0x4  Data  Gb  PORT_DIO_Config.o [1]
Timer3B_32_64Bit             0x12a8    0x4  Data  Gb  PORT_DIO_Config.o [1]
Timer4A_32_64Bit             0x12ac    0x4  Data  Gb  PORT_DIO_Config.o [1]
Timer4B_32_64Bit             0x12b0    0x4  Data  Gb  PORT_DIO_Config.o [1]
Timer5A_32_64Bit             0x12b4    0x4  Data  Gb  PORT_DIO_Config.o [1]
Timer5B_32_64Bit             0x12b8    0x4  Data  Gb  PORT_DIO_Config.o [1]
_E_MSP                  0x2000'009c    0x4  Data  Gb  Scheduler.o [1]
_E_PSP_TA               0x2000'00a4    0x4  Data  Gb  Scheduler.o [1]
_E_PSP_TB               0x2000'00ac    0x4  Data  Gb  Scheduler.o [1]
_S_MSP                  0x2000'0098    0x4  Data  Gb  Scheduler.o [1]
_S_PSP_TA               0x2000'00a0    0x4  Data  Gb  Scheduler.o [1]
_S_PSP_TB               0x2000'00a8    0x4  Data  Gb  Scheduler.o [1]
__aeabi_ldiv0                 0xc85         Code  Gb  I64DivZer.o [4]
__aeabi_uldivmod              0xa55         Code  Gb  I64DivMod.o [4]
__cmain                      0x10c1         Code  Gb  cmain.o [4]
__exit                       0x10f5   0x14  Code  Gb  exit.o [5]
__iar_data_init3             0x1045   0x28  Code  Gb  data_init.o [4]
__iar_init_vfp               0x106d         Code  Gb  fpinit_M.o [3]
__iar_lz77_init_single3
                              0xc87   0x7e  Code  Gb  lz77_init_single.o [4]
__iar_program_start          0x1109         Code  Gb  cstartup_M.o [4]
__low_level_init             0x10df    0x4  Code  Gb  low_level_init.o [2]
__vector_table                  0x0  0x26c  Data  Gb  startup_ewarm.o [1]
_call_main                   0x10cd         Code  Gb  cmain.o [4]
_exit                        0x10e9         Code  Gb  cexit.o [4]
exit                         0x10e3    0x4  Code  Gb  exit.o [2]
main                         0x10a1   0x1e  Code  Gb  main.o [1]


[1] = D:\AutosarProjects\Madonna_ControlLedProject_AUTOSAR\ControlLedV2\Debug\Obj
[2] = dl7M_tln.a
[3] = m7M_tls.a
[4] = rt7M_tl.a
[5] = shb_l.a

  3'428 bytes of readonly  code memory
  1'473 bytes of readonly  data memory
    182 bytes of readwrite data memory

Errors: none
Warnings: none
